mvn : WARNING: A terminally 
deprecated method in 
sun.misc.Unsafe has been called
At line:1 char:1
+ mvn compile 2>&1 | Out-File 
-FilePath compile_output.txt; 
Get-Content ...
+ ~~~~~~~~~~~~~~~~
    + CategoryInfo          : NotSp 
   ecified: (WARNING: A term...has  
   been called:String) [], Remote   
 Exception
    + FullyQualifiedErrorId : Nativ 
   eCommandError
 
WARNING: 
sun.misc.Unsafe::staticFieldBase 
has been called by com.google.inject
.internal.aop.HiddenClassDefiner (fi
le:/C:/Program%20Files/apache-maven-
3.9.11/lib/guice-5.1.0-classes.jar)
WARNING: Please consider reporting 
this to the maintainers of class com
.google.inject.internal.aop.HiddenCl
assDefiner
WARNING: 
sun.misc.Unsafe::staticFieldBase 
will be removed in a future release
[INFO] Scanning for projects...
[INFO] 
[INFO] ----------------------< com.swp391:bike-platform >----------------------
[INFO] Building bike-platform 0.0.1-SNAPSHOT
[INFO]   from pom.xml
[INFO] --------------------------------[ jar ]---------------------------------
[INFO] 
[INFO] --- resources:3.3.1:resources (default-resources) @ bike-platform ---
[INFO] Copying 1 resource from src\main\resources to target\classes
[INFO] ------------------------------------------------------------------------
[INFO] BUILD FAILURE
[INFO] ------------------------------------------------------------------------
[INFO] Total time:  1.930 s
[INFO] Finished at: 2026-01-26T23:30:23+07:00
[INFO] ------------------------------------------------------------------------
[ERROR] Failed to execute goal org.apache.maven.plugins:maven-resources-plugin:3.3.1:resources (default-resources) on project bike-platform: filtering C:\Users\xuhoa\Downloads\bike-platform\src\main\resources\application.yaml to C:\Users\xuhoa\Downloads\bike-platform\target\classes\application.yaml failed with MalformedInputException: Input length = 1 -> [Help 1]
[ERROR] 
[ERROR] To see the full stack trace of the errors, re-run Maven with the -e switch.
[ERROR] Re-run Maven using the -X switch to enable full debug logging.
[ERROR] 
[ERROR] For more information about the errors and possible solutions, please read the following articles:
[ERROR] [Help 1] http://cwiki.apache.org/confluence/display/MAVEN/MojoExecutionException
